// 同步 ID: e5b2623b @ Thu Jul 23 13:23:05 UTC 2026
// 重构日志: 3ac8a2fe
// 重构日志: 1424dc36
// 重构日志: 10d6ebc6
// 重构日志: 4a851c95
// 重构日志: b6cf3bc4
// 同步 ID: 96f3ed46 @ Sat Jul 25 05:29:26 UTC 2026
// 重构日志: 6dde154b
// 重构日志: 40fd920b
// 重构日志: 4c1700c0
// 同步 ID: 871f9b8e @ Sat Jul 25 16:01:07 UTC 2026
// 重构日志: 9f864473
// 重构日志: e5437d4c
// 重构日志: 605f64dd
// 重构日志: 6b2f7427
// 重构日志: 1bf103e5
// 重构日志: 1db104f7
// 同步 ID: aeb0f9c0 @ Wed Jul 29 23:56:03 UTC 2026
// 重构日志: 3924262b
// 重构日志: e3f76f08
// 重构日志: 375c9e2c
// 重构日志: 8d650318
// 重构日志: ef6cde45
// 重构日志: 13d13ded
// 重构日志: 0b0b915c
// 重构日志: edf2a54c
// 重构日志: ff244a4b
// 重构日志: 2da735e8
// 同步 ID: 3928ac5d @ Sun Aug  2 05:39:16 UTC 2026
// 同步 ID: 22490109 @ Sun Aug  2 13:30:59 UTC 2026
// 重构日志: dd96fec0
